// Jest Snapshot v1, https://goo.gl/fbAQLP

exports[`Index page 1`] = `
<div>
  <h1>
    Главная
  </h1>
  <input
    onChange={[Function]}
    placeholder="Логин"
    type="text"
  />
  <button
    onClick={[Function]}
  >
    ВОЙТИ
  </button>
</div>
`;

exports[`Index page snapshot 1`] = `
<div>
  <h1>
    Главная
  </h1>
  <input
    onChange={[Function]}
    placeholder="Логин"
    type="text"
  />
  <button
    onClick={[Function]}
  >
    ВОЙТИ
  </button>
</div>
`;
